Command line invocation:
    /Applications/Xcode.app/Contents/Developer/usr/bin/xcodebuild -project CalorieAI.xcodeproj -scheme CalorieAI -destination "generic/platform=iOS Simulator" build

ComputePackagePrebuildTargetDependencyGraph

Prepare packages

CreateBuildRequest

SendProjectDescription

CreateBuildOperation

ComputeTargetDependencyGraph
note: Building targets in dependency order
note: Target dependency graph (1 target)
    Target 'CalorieAI' in project 'CalorieAI' (no dependencies)

GatherProvisioningInputs

CreateBuildDescription

ExecuteExternalTool /Applications/Xcode.app/Contents/Developer/Toolchains/XcodeDefault.xctoolchain/usr/bin/clang -v -E -dM -isysroot /Applications/Xcode.app/Contents/Developer/Platforms/iPhoneSimulator.platform/Developer/SDKs/iPhoneSimulator27.0.sdk -x c -c /dev/null

ExecuteExternalTool /Applications/Xcode.app/Contents/Developer/Toolchains/XcodeDefault.xctoolchain/usr/bin/swiftc --version

ExecuteExternalTool /Applications/Xcode.app/Contents/Developer/Toolchains/XcodeDefault.xctoolchain/usr/bin/ld -version_details

Build description signature: 8838872d4b0183aceb9f366aa7651e0a
Build description path: /Users/nuttakonbunkrong/Library/Developer/Xcode/DerivedData/CalorieAI-hgzpchpheftwpzgmgkhflusblrut/Build/Intermediates.noindex/XCBuildData/8838872d4b0183aceb9f366aa7651e0a.xcbuilddata
ClangStatCache /Applications/Xcode.app/Contents/Developer/Toolchains/XcodeDefault.xctoolchain/usr/bin/clang-stat-cache /Applications/Xcode.app/Contents/Developer/Platforms/iPhoneSimulator.platform/Developer/SDKs/iPhoneSimulator27.0.sdk /Users/nuttakonbunkrong/Library/Developer/Xcode/DerivedData/SDKStatCaches.noindex/iphonesimulator27.0-24A430-8dc58220667be655e1bcc261a7455254.sdkstatcache
    cd /Users/nuttakonbunkrong/Documents/SourceCode/CalorieAI/CalorieAI.xcodeproj
    /Applications/Xcode.app/Contents/Developer/Toolchains/XcodeDefault.xctoolchain/usr/bin/clang-stat-cache /Applications/Xcode.app/Contents/Developer/Platforms/iPhoneSimulator.platform/Developer/SDKs/iPhoneSimulator27.0.sdk -o /Users/nuttakonbunkrong/Library/Developer/Xcode/DerivedData/SDKStatCaches.noindex/iphonesimulator27.0-24A430-8dc58220667be655e1bcc261a7455254.sdkstatcache

ProcessInfoPlistFile /Users/nuttakonbunkrong/Library/Developer/Xcode/DerivedData/CalorieAI-hgzpchpheftwpzgmgkhflusblrut/Build/Products/Debug-iphonesimulator/CalorieAI.app/Info.plist /Users/nuttakonbunkrong/Library/Developer/Xcode/DerivedData/CalorieAI-hgzpchpheftwpzgmgkhflusblrut/Build/Intermediates.noindex/CalorieAI.build/Debug-iphonesimulator/CalorieAI.build/empty-CalorieAI.plist (in target 'CalorieAI' from project 'CalorieAI')
    cd /Users/nuttakonbunkrong/Documents/SourceCode/CalorieAI
    builtin-infoPlistUtility /Users/nuttakonbunkrong/Library/Developer/Xcode/DerivedData/CalorieAI-hgzpchpheftwpzgmgkhflusblrut/Build/Intermediates.noindex/CalorieAI.build/Debug-iphonesimulator/CalorieAI.build/empty-CalorieAI.plist -producttype com.apple.product-type.application -genpkginfo /Users/nuttakonbunkrong/Library/Developer/Xcode/DerivedData/CalorieAI-hgzpchpheftwpzgmgkhflusblrut/Build/Products/Debug-iphonesimulator/CalorieAI.app/PkgInfo -expandbuildsettings -format binary -platform iphonesimulator -o /Users/nuttakonbunkrong/Library/Developer/Xcode/DerivedData/CalorieAI-hgzpchpheftwpzgmgkhflusblrut/Build/Products/Debug-iphonesimulator/CalorieAI.app/Info.plist

SwiftDriver CalorieAI normal arm64 com.apple.xcode.tools.swift.compiler (in target 'CalorieAI' from project 'CalorieAI')
    cd /Users/nuttakonbunkrong/Documents/SourceCode/CalorieAI
    builtin-SwiftDriver -- /Applications/Xcode.app/Contents/Developer/Toolchains/XcodeDefault.xctoolchain/usr/bin/swiftc -module-name CalorieAI -Onone @/Users/nuttakonbunkrong/Library/Developer/Xcode/DerivedData/CalorieAI-hgzpchpheftwpzgmgkhflusblrut/Build/Intermediates.noindex/CalorieAI.build/Debug-iphonesimulator/CalorieAI.build/Objects-normal/arm64/CalorieAI.SwiftFileList -DDEBUG -enable-experimental-feature DebugDescriptionMacro -sdk /Applications/Xcode.app/Contents/Developer/Platforms/iPhoneSimulator.platform/Developer/SDKs/iPhoneSimulator27.0.sdk -target arm64-apple-ios18.0-simulator -g -module-cache-path /Users/nuttakonbunkrong/Library/Developer/Xcode/DerivedData/ModuleCache.noindex -Xfrontend -serialize-debugging-options -profile-coverage-mapping -profile-generate -enable-testing -index-store-path /Users/nuttakonbunkrong/Library/Developer/Xcode/DerivedData/CalorieAI-hgzpchpheftwpzgmgkhflusblrut/Index.noindex/DataStore -Xcc -D_LIBCPP_HARDENING_MODE\=_LIBCPP_HARDENING_MODE_DEBUG -swift-version 6 -I /Users/nuttakonbunkrong/Library/Developer/Xcode/DerivedData/CalorieAI-hgzpchpheftwpzgmgkhflusblrut/Build/Products/Debug-iphonesimulator -F /Users/nuttakonbunkrong/Library/Developer/Xcode/DerivedData/CalorieAI-hgzpchpheftwpzgmgkhflusblrut/Build/Products/Debug-iphonesimulator -c -j15 -enable-batch-mode -incremental -Xcc -ivfsstatcache -Xcc /Users/nuttakonbunkrong/Library/Developer/Xcode/DerivedData/SDKStatCaches.noindex/iphonesimulator27.0-24A430-8dc58220667be655e1bcc261a7455254.sdkstatcache -output-file-map /Users/nuttakonbunkrong/Library/Developer/Xcode/DerivedData/CalorieAI-hgzpchpheftwpzgmgkhflusblrut/Build/Intermediates.noindex/CalorieAI.build/Debug-iphonesimulator/CalorieAI.build/Objects-normal/arm64/CalorieAI-OutputFileMap.json -save-temps -no-color-diagnostics -explicit-module-build -module-cache-path /Users/nuttakonbunkrong/Library/Developer/Xcode/DerivedData/CalorieAI-hgzpchpheftwpzgmgkhflusblrut/Build/Intermediates.noindex/SwiftExplicitPrecompiledModules -clang-scanner-module-cache-path /Users/nuttakonbunkrong/Library/Developer/Xcode/DerivedData/ModuleCache.noindex -sdk-module-cache-path /Users/nuttakonbunkrong/Library/Developer/Xcode/DerivedData/SDKExplicitPrecompiledModules -emit-dependencies -emit-module -emit-module-path /Users/nuttakonbunkrong/Library/Developer/Xcode/DerivedData/CalorieAI-hgzpchpheftwpzgmgkhflusblrut/Build/Intermediates.noindex/CalorieAI.build/Debug-iphonesimulator/CalorieAI.build/Objects-normal/arm64/CalorieAI.swiftmodule -serialize-diagnostics -dependency-scan-serialize-diagnostics-path /Users/nuttakonbunkrong/Library/Developer/Xcode/DerivedData/CalorieAI-hgzpchpheftwpzgmgkhflusblrut/Build/Intermediates.noindex/CalorieAI.build/Debug-iphonesimulator/CalorieAI.build/Objects-normal/arm64/CalorieAI-dependency-scan.dia -validate-clang-modules-once -clang-build-session-file /Users/nuttakonbunkrong/Library/Developer/Xcode/DerivedData/ModuleCache.noindex/Session.modulevalidation -Xcc -fmodules-prune-interval\=86400 -Xcc -fmodules-prune-after\=345600 -emit-const-values -const-gather-protocols-list /Users/nuttakonbunkrong/Library/Developer/Xcode/DerivedData/CalorieAI-hgzpchpheftwpzgmgkhflusblrut/Build/Intermediates.noindex/CalorieAI.build/Debug-iphonesimulator/CalorieAI.build/Objects-normal/arm64/CalorieAI_const_extract_protocols.json -Xcc -iquote -Xcc /Users/nuttakonbunkrong/Library/Developer/Xcode/DerivedData/CalorieAI-hgzpchpheftwpzgmgkhflusblrut/Build/Intermediates.noindex/CalorieAI.build/Debug-iphonesimulator/CalorieAI.build/CalorieAI-generated-files.hmap -Xcc -I/Users/nuttakonbunkrong/Library/Developer/Xcode/DerivedData/CalorieAI-hgzpchpheftwpzgmgkhflusblrut/Build/Intermediates.noindex/CalorieAI.build/Debug-iphonesimulator/CalorieAI.build/CalorieAI-own-target-headers.hmap -Xcc -I/Users/nuttakonbunkrong/Library/Developer/Xcode/DerivedData/CalorieAI-hgzpchpheftwpzgmgkhflusblrut/Build/Intermediates.noindex/CalorieAI.build/Debug-iphonesimulator/CalorieAI.build/CalorieAI-all-target-headers.hmap -Xcc -iquote -Xcc /Users/nuttakonbunkrong/Library/Developer/Xcode/DerivedData/CalorieAI-hgzpchpheftwpzgmgkhflusblrut/Build/Intermediates.noindex/CalorieAI.build/Debug-iphonesimulator/CalorieAI.build/CalorieAI-project-headers.hmap -Xcc -I/Users/nuttakonbunkrong/Library/Developer/Xcode/DerivedData/CalorieAI-hgzpchpheftwpzgmgkhflusblrut/Build/Products/Debug-iphonesimulator/include -Xcc -I/Users/nuttakonbunkrong/Library/Developer/Xcode/DerivedData/CalorieAI-hgzpchpheftwpzgmgkhflusblrut/Build/Intermediates.noindex/CalorieAI.build/Debug-iphonesimulator/CalorieAI.build/DerivedSources-normal/arm64 -Xcc -I/Users/nuttakonbunkrong/Library/Developer/Xcode/DerivedData/CalorieAI-hgzpchpheftwpzgmgkhflusblrut/Build/Intermediates.noindex/CalorieAI.build/Debug-iphonesimulator/CalorieAI.build/DerivedSources/arm64 -Xcc -I/Users/nuttakonbunkrong/Library/Developer/Xcode/DerivedData/CalorieAI-hgzpchpheftwpzgmgkhflusblrut/Build/Intermediates.noindex/CalorieAI.build/Debug-iphonesimulator/CalorieAI.build/DerivedSources -Xcc -DDEBUG\=1 -emit-objc-header -emit-objc-header-path /Users/nuttakonbunkrong/Library/Developer/Xcode/DerivedData/CalorieAI-hgzpchpheftwpzgmgkhflusblrut/Build/Intermediates.noindex/CalorieAI.build/Debug-iphonesimulator/CalorieAI.build/Objects-normal/arm64/CalorieAI-Swift.h -working-directory /Users/nuttakonbunkrong/Documents/SourceCode/CalorieAI -experimental-emit-module-separately -disable-cmo

SwiftDriver CalorieAI normal x86_64 com.apple.xcode.tools.swift.compiler (in target 'CalorieAI' from project 'CalorieAI')
    cd /Users/nuttakonbunkrong/Documents/SourceCode/CalorieAI
    builtin-SwiftDriver -- /Applications/Xcode.app/Contents/Developer/Toolchains/XcodeDefault.xctoolchain/usr/bin/swiftc -module-name CalorieAI -Onone @/Users/nuttakonbunkrong/Library/Developer/Xcode/DerivedData/CalorieAI-hgzpchpheftwpzgmgkhflusblrut/Build/Intermediates.noindex/CalorieAI.build/Debug-iphonesimulator/CalorieAI.build/Objects-normal/x86_64/CalorieAI.SwiftFileList -DDEBUG -enable-experimental-feature DebugDescriptionMacro -sdk /Applications/Xcode.app/Contents/Developer/Platforms/iPhoneSimulator.platform/Developer/SDKs/iPhoneSimulator27.0.sdk -target x86_64-apple-ios18.0-simulator -g -module-cache-path /Users/nuttakonbunkrong/Library/Developer/Xcode/DerivedData/ModuleCache.noindex -Xfrontend -serialize-debugging-options -profile-coverage-mapping -profile-generate -enable-testing -index-store-path /Users/nuttakonbunkrong/Library/Developer/Xcode/DerivedData/CalorieAI-hgzpchpheftwpzgmgkhflusblrut/Index.noindex/DataStore -Xcc -D_LIBCPP_HARDENING_MODE\=_LIBCPP_HARDENING_MODE_DEBUG -swift-version 6 -I /Users/nuttakonbunkrong/Library/Developer/Xcode/DerivedData/CalorieAI-hgzpchpheftwpzgmgkhflusblrut/Build/Products/Debug-iphonesimulator -F /Users/nuttakonbunkrong/Library/Developer/Xcode/DerivedData/CalorieAI-hgzpchpheftwpzgmgkhflusblrut/Build/Products/Debug-iphonesimulator -c -j15 -enable-batch-mode -incremental -Xcc -ivfsstatcache -Xcc /Users/nuttakonbunkrong/Library/Developer/Xcode/DerivedData/SDKStatCaches.noindex/iphonesimulator27.0-24A430-8dc58220667be655e1bcc261a7455254.sdkstatcache -output-file-map /Users/nuttakonbunkrong/Library/Developer/Xcode/DerivedData/CalorieAI-hgzpchpheftwpzgmgkhflusblrut/Build/Intermediates.noindex/CalorieAI.build/Debug-iphonesimulator/CalorieAI.build/Objects-normal/x86_64/CalorieAI-OutputFileMap.json -save-temps -no-color-diagnostics -explicit-module-build -module-cache-path /Users/nuttakonbunkrong/Library/Developer/Xcode/DerivedData/CalorieAI-hgzpchpheftwpzgmgkhflusblrut/Build/Intermediates.noindex/SwiftExplicitPrecompiledModules -clang-scanner-module-cache-path /Users/nuttakonbunkrong/Library/Developer/Xcode/DerivedData/ModuleCache.noindex -sdk-module-cache-path /Users/nuttakonbunkrong/Library/Developer/Xcode/DerivedData/SDKExplicitPrecompiledModules -emit-dependencies -emit-module -emit-module-path /Users/nuttakonbunkrong/Library/Developer/Xcode/DerivedData/CalorieAI-hgzpchpheftwpzgmgkhflusblrut/Build/Intermediates.noindex/CalorieAI.build/Debug-iphonesimulator/CalorieAI.build/Objects-normal/x86_64/CalorieAI.swiftmodule -serialize-diagnostics -dependency-scan-serialize-diagnostics-path /Users/nuttakonbunkrong/Library/Developer/Xcode/DerivedData/CalorieAI-hgzpchpheftwpzgmgkhflusblrut/Build/Intermediates.noindex/CalorieAI.build/Debug-iphonesimulator/CalorieAI.build/Objects-normal/x86_64/CalorieAI-dependency-scan.dia -validate-clang-modules-once -clang-build-session-file /Users/nuttakonbunkrong/Library/Developer/Xcode/DerivedData/ModuleCache.noindex/Session.modulevalidation -Xcc -fmodules-prune-interval\=86400 -Xcc -fmodules-prune-after\=345600 -emit-const-values -const-gather-protocols-list /Users/nuttakonbunkrong/Library/Developer/Xcode/DerivedData/CalorieAI-hgzpchpheftwpzgmgkhflusblrut/Build/Intermediates.noindex/CalorieAI.build/Debug-iphonesimulator/CalorieAI.build/Objects-normal/x86_64/CalorieAI_const_extract_protocols.json -Xcc -iquote -Xcc /Users/nuttakonbunkrong/Library/Developer/Xcode/DerivedData/CalorieAI-hgzpchpheftwpzgmgkhflusblrut/Build/Intermediates.noindex/CalorieAI.build/Debug-iphonesimulator/CalorieAI.build/CalorieAI-generated-files.hmap -Xcc -I/Users/nuttakonbunkrong/Library/Developer/Xcode/DerivedData/CalorieAI-hgzpchpheftwpzgmgkhflusblrut/Build/Intermediates.noindex/CalorieAI.build/Debug-iphonesimulator/CalorieAI.build/CalorieAI-own-target-headers.hmap -Xcc -I/Users/nuttakonbunkrong/Library/Developer/Xcode/DerivedData/CalorieAI-hgzpchpheftwpzgmgkhflusblrut/Build/Intermediates.noindex/CalorieAI.build/Debug-iphonesimulator/CalorieAI.build/CalorieAI-all-target-headers.hmap -Xcc -iquote -Xcc /Users/nuttakonbunkrong/Library/Developer/Xcode/DerivedData/CalorieAI-hgzpchpheftwpzgmgkhflusblrut/Build/Intermediates.noindex/CalorieAI.build/Debug-iphonesimulator/CalorieAI.build/CalorieAI-project-headers.hmap -Xcc -I/Users/nuttakonbunkrong/Library/Developer/Xcode/DerivedData/CalorieAI-hgzpchpheftwpzgmgkhflusblrut/Build/Products/Debug-iphonesimulator/include -Xcc -I/Users/nuttakonbunkrong/Library/Developer/Xcode/DerivedData/CalorieAI-hgzpchpheftwpzgmgkhflusblrut/Build/Intermediates.noindex/CalorieAI.build/Debug-iphonesimulator/CalorieAI.build/DerivedSources-normal/x86_64 -Xcc -I/Users/nuttakonbunkrong/Library/Developer/Xcode/DerivedData/CalorieAI-hgzpchpheftwpzgmgkhflusblrut/Build/Intermediates.noindex/CalorieAI.build/Debug-iphonesimulator/CalorieAI.build/DerivedSources/x86_64 -Xcc -I/Users/nuttakonbunkrong/Library/Developer/Xcode/DerivedData/CalorieAI-hgzpchpheftwpzgmgkhflusblrut/Build/Intermediates.noindex/CalorieAI.build/Debug-iphonesimulator/CalorieAI.build/DerivedSources -Xcc -DDEBUG\=1 -emit-objc-header -emit-objc-header-path /Users/nuttakonbunkrong/Library/Developer/Xcode/DerivedData/CalorieAI-hgzpchpheftwpzgmgkhflusblrut/Build/Intermediates.noindex/CalorieAI.build/Debug-iphonesimulator/CalorieAI.build/Objects-normal/x86_64/CalorieAI-Swift.h -working-directory /Users/nuttakonbunkrong/Documents/SourceCode/CalorieAI -experimental-emit-module-separately -disable-cmo

SwiftCompile normal arm64 Compiling\ FoodAnalysisView.swift /Users/nuttakonbunkrong/Documents/SourceCode/CalorieAI/CalorieAI/Features/Food/FoodAnalysisView.swift (in target 'CalorieAI' from project 'CalorieAI')

SwiftCompile normal arm64 /Users/nuttakonbunkrong/Documents/SourceCode/CalorieAI/CalorieAI/Features/Food/FoodAnalysisView.swift (in target 'CalorieAI' from project 'CalorieAI')
    cd /Users/nuttakonbunkrong/Documents/SourceCode/CalorieAI
    builtin-SwiftPerFileCompile FoodAnalysisView.swift

SwiftEmitModule normal arm64 Emitting\ module\ for\ CalorieAI (in target 'CalorieAI' from project 'CalorieAI')

SwiftCompile normal arm64 (in target 'CalorieAI' from project 'CalorieAI')
    cd /Users/nuttakonbunkrong/Documents/SourceCode/CalorieAI
    

SwiftEmitModule normal x86_64 Emitting\ module\ for\ CalorieAI (in target 'CalorieAI' from project 'CalorieAI')

SwiftCompile normal x86_64 (in target 'CalorieAI' from project 'CalorieAI')
    cd /Users/nuttakonbunkrong/Documents/SourceCode/CalorieAI
    

SwiftCompile normal x86_64 Compiling\ FoodAnalysisView.swift /Users/nuttakonbunkrong/Documents/SourceCode/CalorieAI/CalorieAI/Features/Food/FoodAnalysisView.swift (in target 'CalorieAI' from project 'CalorieAI')

SwiftCompile normal x86_64 /Users/nuttakonbunkrong/Documents/SourceCode/CalorieAI/CalorieAI/Features/Food/FoodAnalysisView.swift (in target 'CalorieAI' from project 'CalorieAI')
    cd /Users/nuttakonbunkrong/Documents/SourceCode/CalorieAI
    builtin-SwiftPerFileCompile FoodAnalysisView.swift

SwiftCompile normal x86_64 Compiling\ AddFoodView.swift /Users/nuttakonbunkrong/Documents/SourceCode/CalorieAI/CalorieAI/Features/Food/AddFoodView.swift (in target 'CalorieAI' from project 'CalorieAI')
/Users/nuttakonbunkrong/Documents/SourceCode/CalorieAI/CalorieAI/Features/Food/AddFoodView.swift:49:29: warning: call to main actor-isolated instance method 'premiumButtonContent(icon:title:subtitle:colors:)' in a synchronous nonisolated context [#ActorIsolatedCall]
 47 |                         
 48 |                         PhotosPicker(selection: $photosPickerItem, matching: .images) {
 49 |                             premiumButtonContent(icon: "photo.stack.fill", title: "Choose from Library", subtitle: "Pick an existing photo", colors: [Color.purple, Color.indigo])
    |                             `- warning: call to main actor-isolated instance method 'premiumButtonContent(icon:title:subtitle:colors:)' in a synchronous nonisolated context [#ActorIsolatedCall]
 50 |                         }
 51 |                         .onChange(of: photosPickerItem) {
    :
 93 |     
 94 |     @ViewBuilder
 95 |     private func premiumButtonContent(icon: String, title: String, subtitle: String, colors: [Color]) -> some View {
    |                  |- note: calls to instance method 'premiumButtonContent(icon:title:subtitle:colors:)' from outside of its actor context are implicitly asynchronous
    |                  `- note: main actor isolation inferred from conformance to protocol 'View'
 96 |         HStack(spacing: 16) {
 97 |             ZStack {

/Users/nuttakonbunkrong/Documents/SourceCode/CalorieAI/CalorieAI/Features/Food/AddFoodView.swift:49:29: error: non-Sendable 'some View'-typed result can not be returned from main actor-isolated instance method 'premiumButtonContent(icon:title:subtitle:colors:)' to nonisolated context [#RegionIsolation]
 47 |                         
 48 |                         PhotosPicker(selection: $photosPickerItem, matching: .images) {
 49 |                             premiumButtonContent(icon: "photo.stack.fill", title: "Choose from Library", subtitle: "Pick an existing photo", colors: [Color.purple, Color.indigo])
    |                             `- error: non-Sendable 'some View'-typed result can not be returned from main actor-isolated instance method 'premiumButtonContent(icon:title:subtitle:colors:)' to nonisolated context [#RegionIsolation]
 50 |                         }
 51 |                         .onChange(of: photosPickerItem) {

[#ActorIsolatedCall]: <https://docs.swift.org/compiler/documentation/diagnostics/actor-isolated-call>
[#RegionIsolation]: <https://docs.swift.org/compiler/documentation/diagnostics/region-isolation>
Failed frontend command:
/Applications/Xcode.app/Contents/Developer/Toolchains/XcodeDefault.xctoolchain/usr/bin/swift-frontend -frontend -c -primary-file /Users/nuttakonbunkrong/Documents/SourceCode/CalorieAI/CalorieAI/Features/Food/AddFoodView.swift /Users/nuttakonbunkrong/Documents/SourceCode/CalorieAI/CalorieAI/App/AppState.swift /Users/nuttakonbunkrong/Documents/SourceCode/CalorieAI/CalorieAI/App/CalorieAIApp.swift /Users/nuttakonbunkrong/Documents/SourceCode/CalorieAI/CalorieAI/Utilities/CameraView.swift /Users/nuttakonbunkrong/Documents/SourceCode/CalorieAI/CalorieAI/Features/Summary/DailySummaryView.swift /Users/nuttakonbunkrong/Documents/SourceCode/CalorieAI/CalorieAI/Features/Dashboard/DashboardView.swift /Users/nuttakonbunkrong/Documents/SourceCode/CalorieAI/CalorieAI/Features/Dashboard/DashboardViewModel.swift /Users/nuttakonbunkrong/Documents/SourceCode/CalorieAI/CalorieAI/Models/FoodAnalysisResult.swift /Users/nuttakonbunkrong/Documents/SourceCode/CalorieAI/CalorieAI/Features/Food/FoodAnalysisView.swift /Users/nuttakonbunkrong/Documents/SourceCode/CalorieAI/CalorieAI/Models/FoodEntry.swift /Users/nuttakonbunkrong/Documents/SourceCode/CalorieAI/CalorieAI/Services/Gemini/GeminiConfiguration.swift /Users/nuttakonbunkrong/Documents/SourceCode/CalorieAI/CalorieAI/Services/Gemini/GeminiService.swift /Users/nuttakonbunkrong/Documents/SourceCode/CalorieAI/CalorieAI/Services/HealthKit/HealthKitManager.swift /Users/nuttakonbunkrong/Documents/SourceCode/CalorieAI/CalorieAI/Utilities/ImageCompressor.swift /Users/nuttakonbunkrong/Documents/SourceCode/CalorieAI/CalorieAI/App/MainTabView.swift /Users/nuttakonbunkrong/Documents/SourceCode/CalorieAI/CalorieAI/Features/Food/ManualFoodView.swift /Users/nuttakonbunkrong/Documents/SourceCode/CalorieAI/CalorieAI/Models/MealType.swift /Users/nuttakonbunkrong/Documents/SourceCode/CalorieAI/CalorieAI/Services/Notifications/NotificationManager.swift /Users/nuttakonbunkrong/Documents/SourceCode/CalorieAI/CalorieAI/Features/Settings/SettingsView.swift /Users/nuttakonbunkrong/Documents/SourceCode/CalorieAI/CalorieAI/Models/UserProfile.swift -emit-dependencies-path /Users/nuttakonbunkrong/Library/Developer/Xcode/DerivedData/CalorieAI-hgzpchpheftwpzgmgkhflusblrut/Build/Intermediates.noindex/CalorieAI.build/Debug-iphonesimulator/CalorieAI.build/Objects-normal/x86_64/AddFoodView.d -emit-const-values-path /Users/nuttakonbunkrong/Library/Developer/Xcode/DerivedData/CalorieAI-hgzpchpheftwpzgmgkhflusblrut/Build/Intermediates.noindex/CalorieAI.build/Debug-iphonesimulator/CalorieAI.build/Objects-normal/x86_64/AddFoodView.swiftconstvalues -emit-reference-dependencies-path /Users/nuttakonbunkrong/Library/Developer/Xcode/DerivedData/CalorieAI-hgzpchpheftwpzgmgkhflusblrut/Build/Intermediates.noindex/CalorieAI.build/Debug-iphonesimulator/CalorieAI.build/Objects-normal/x86_64/AddFoodView.swiftdeps -serialize-diagnostics-path /Users/nuttakonbunkrong/Library/Developer/Xcode/DerivedData/CalorieAI-hgzpchpheftwpzgmgkhflusblrut/Build/Intermediates.noindex/CalorieAI.build/Debug-iphonesimulator/CalorieAI.build/Objects-normal/x86_64/AddFoodView.dia -target x86_64-apple-ios18.0-simulator -disable-cross-import-overlay-search -swift-module-cross-import PhotosUI /Applications/Xcode.app/Contents/Developer/Platforms/iPhoneSimulator.platform/Developer/SDKs/iPhoneSimulator.sdk/System/Library/Frameworks/PhotosUI.framework/Modules/PhotosUI.swiftcrossimport/SwiftUI.swiftoverlay -swift-module-cross-import PhotosUI /Applications/Xcode.app/Contents/Developer/Platforms/iPhoneSimulator.platform/Developer/SDKs/iPhoneSimulator.sdk/System/Library/Frameworks/PhotosUI.framework/Modules/PhotosUI.swiftcrossimport/WidgetKit.swiftoverlay -swift-module-cross-import PhotosUI /Applications/Xcode.app/Contents/Developer/Platforms/iPhoneSimulator.platform/Developer/SDKs/iPhoneSimulator27.0.sdk/System/Library/Frameworks/PhotosUI.framework/Modules/PhotosUI.swiftcrossimport/SwiftUI.swiftoverlay -swift-module-cross-import PhotosUI /Applications/Xcode.app/Contents/Developer/Platforms/iPhoneSimulator.platform/Developer/SDKs/iPhoneSimulator27.0.sdk/System/Library/Frameworks/PhotosUI.framework/Modules/PhotosUI.swiftcrossimport/WidgetKit.swiftoverlay -swift-module-cross-import SwiftData /Applications/Xcode.app/Contents/Developer/Platforms/iPhoneSimulator.platform/Developer/SDKs/iPhoneSimulator27.0.sdk/System/Library/Frameworks/SwiftData.framework/Modules/SwiftData.swiftcrossimport/CoreData.swiftoverlay -swift-module-cross-import SwiftData /Applications/Xcode.app/Contents/Developer/Platforms/iPhoneSimulator.platform/Developer/SDKs/iPhoneSimulator27.0.sdk/System/Library/Frameworks/SwiftData.framework/Modules/SwiftData.swiftcrossimport/SwiftUI.swiftoverlay -swift-module-cross-import UserNotifications /Applications/Xcode.app/Contents/Developer/Platforms/iPhoneSimulator.platform/Developer/SDKs/iPhoneSimulator.sdk/System/Library/Frameworks/UserNotifications.framework/Modules/UserNotifications.swiftcrossimport/AppIntents.swiftoverlay -load-resolved-plugin /Applications/Xcode.app/Contents/Developer/Platforms/iPhoneOS.platform/Developer/usr/lib/swift/host/plugins/libFoundationMacros.dylib\#/Applications/Xcode.app/Contents/Developer/Platforms/iPhoneOS.platform/Developer/usr/bin/swift-plugin-server\#FoundationMacros -load-resolved-plugin /Applications/Xcode.app/Contents/Developer/Platforms/iPhoneOS.platform/Developer/usr/lib/swift/host/plugins/libObservationMacros.dylib\#/Applications/Xcode.app/Contents/Developer/Platforms/iPhoneOS.platform/Developer/usr/bin/swift-plugin-server\#ObservationMacros -load-resolved-plugin /Applications/Xcode.app/Contents/Developer/Platforms/iPhoneOS.platform/Developer/usr/lib/swift/host/plugins/libPreviewsMacros.dylib\#/Applications/Xcode.app/Contents/Developer/Platforms/iPhoneOS.platform/Developer/usr/bin/swift-plugin-server\#PreviewsMacros -load-resolved-plugin /Applications/Xcode.app/Contents/Developer/Platforms/iPhoneOS.platform/Developer/usr/lib/swift/host/plugins/libSwiftDataMacros.dylib\#/Applications/Xcode.app/Contents/Developer/Platforms/iPhoneOS.platform/Developer/usr/bin/swift-plugin-server\#SwiftDataMacros -load-resolved-plugin /Applications/Xcode.app/Contents/Developer/Platforms/iPhoneOS.platform/Developer/usr/lib/swift/host/plugins/libSwiftMacros.dylib\#/Applications/Xcode.app/Contents/Developer/Platforms/iPhoneOS.platform/Developer/usr/bin/swift-plugin-server\#SwiftMacros -load-resolved-plugin /Applications/Xcode.app/Contents/Developer/Platforms/iPhoneOS.platform/Developer/usr/lib/swift/host/plugins/libSwiftUIMacros.dylib\#/Applications/Xcode.app/Contents/Developer/Platforms/iPhoneOS.platform/Developer/usr/bin/swift-plugin-server\#SwiftUIMacros -disable-implicit-swift-modules -Xcc -fno-implicit-modules -Xcc -fno-implicit-module-maps -explicit-swift-module-map-file /Users/nuttakonbunkrong/Library/Developer/Xcode/DerivedData/CalorieAI-hgzpchpheftwpzgmgkhflusblrut/Build/Intermediates.noindex/CalorieAI.build/Debug-iphonesimulator/CalorieAI.build/Objects-normal/x86_64/CalorieAI-dependencies-2.json -enable-objc-interop -sdk /Applications/Xcode.app/Contents/Developer/Platforms/iPhoneSimulator.platform/Developer/SDKs/iPhoneSimulator27.0.sdk -I /Users/nuttakonbunkrong/Library/Developer/Xcode/DerivedData/CalorieAI-hgzpchpheftwpzgmgkhflusblrut/Build/Products/Debug-iphonesimulator -F /Users/nuttakonbunkrong/Library/Developer/Xcode/DerivedData/CalorieAI-hgzpchpheftwpzgmgkhflusblrut/Build/Products/Debug-iphonesimulator -module-cache-path /Users/nuttakonbunkrong/Library/Developer/Xcode/DerivedData/CalorieAI-hgzpchpheftwpzgmgkhflusblrut/Build/Intermediates.noindex/SwiftExplicitPrecompiledModules -no-color-diagnostics -Xcc -fno-color-diagnostics -enable-testing -g -debug-info-format\=dwarf -dwarf-version\=5 -profile-generate -profile-coverage-mapping -swift-version 6 -Onone -D DEBUG -serialize-debugging-options -enable-experimental-feature DebugDescriptionMacro -empty-abi-descriptor -validate-clang-modules-once -clang-build-session-file /Users/nuttakonbunkrong/Library/Developer/Xcode/DerivedData/ModuleCache.noindex/Session.modulevalidation -Xcc -working-directory -Xcc /Users/nuttakonbunkrong/Documents/SourceCode/CalorieAI -enable-anonymous-context-mangled-names -file-compilation-dir /Users/nuttakonbunkrong/Documents/SourceCode/CalorieAI -Xcc -D_LIBCPP_HARDENING_MODE\=_LIBCPP_HARDENING_MODE_DEBUG -Xcc -ivfsstatcache -Xcc /Users/nuttakonbunkrong/Library/Developer/Xcode/DerivedData/SDKStatCaches.noindex/iphonesimulator27.0-24A430-8dc58220667be655e1bcc261a7455254.sdkstatcache -Xcc -fmodules-prune-interval\=86400 -Xcc -fmodules-prune-after\=345600 -Xcc -iquote -Xcc /Users/nuttakonbunkrong/Library/Developer/Xcode/DerivedData/CalorieAI-hgzpchpheftwpzgmgkhflusblrut/Build/Intermediates.noindex/CalorieAI.build/Debug-iphonesimulator/CalorieAI.build/CalorieAI-generated-files.hmap -Xcc -I/Users/nuttakonbunkrong/Library/Developer/Xcode/DerivedData/CalorieAI-hgzpchpheftwpzgmgkhflusblrut/Build/Intermediates.noindex/CalorieAI.build/Debug-iphonesimulator/CalorieAI.build/CalorieAI-own-target-headers.hmap -Xcc -I/Users/nuttakonbunkrong/Library/Developer/Xcode/DerivedData/CalorieAI-hgzpchpheftwpzgmgkhflusblrut/Build/Intermediates.noindex/CalorieAI.build/Debug-iphonesimulator/CalorieAI.build/CalorieAI-all-target-headers.hmap -Xcc -iquote -Xcc /Users/nuttakonbunkrong/Library/Developer/Xcode/DerivedData/CalorieAI-hgzpchpheftwpzgmgkhflusblrut/Build/Intermediates.noindex/CalorieAI.build/Debug-iphonesimulator/CalorieAI.build/CalorieAI-project-headers.hmap -Xcc -I/Users/nuttakonbunkrong/Library/Developer/Xcode/DerivedData/CalorieAI-hgzpchpheftwpzgmgkhflusblrut/Build/Products/Debug-iphonesimulator/include -Xcc -I/Users/nuttakonbunkrong/Library/Developer/Xcode/DerivedData/CalorieAI-hgzpchpheftwpzgmgkhflusblrut/Build/Intermediates.noindex/CalorieAI.build/Debug-iphonesimulator/CalorieAI.build/DerivedSources-normal/x86_64 -Xcc -I/Users/nuttakonbunkrong/Library/Developer/Xcode/DerivedData/CalorieAI-hgzpchpheftwpzgmgkhflusblrut/Build/Intermediates.noindex/CalorieAI.build/Debug-iphonesimulator/CalorieAI.build/DerivedSources/x86_64 -Xcc -I/Users/nuttakonbunkrong/Library/Developer/Xcode/DerivedData/CalorieAI-hgzpchpheftwpzgmgkhflusblrut/Build/Intermediates.noindex/CalorieAI.build/Debug-iphonesimulator/CalorieAI.build/DerivedSources -Xcc -DDEBUG\=1 -no-auto-bridging-header-chaining -module-name CalorieAI -const-gather-protocols-file /Users/nuttakonbunkrong/Library/Developer/Xcode/DerivedData/CalorieAI-hgzpchpheftwpzgmgkhflusblrut/Build/Intermediates.noindex/CalorieAI.build/Debug-iphonesimulator/CalorieAI.build/Objects-normal/x86_64/CalorieAI_const_extract_protocols.json -disable-clang-spi -clang-target x86_64-apple-ios27.0-simulator -target-sdk-version 27.0 -target-sdk-name iphonesimulator27.0 -in-process-plugin-server-path /Applications/Xcode.app/Contents/Developer/Toolchains/XcodeDefault.xctoolchain/usr/lib/swift/host/libSwiftInProcPluginServer.dylib -o /Users/nuttakonbunkrong/Library/Developer/Xcode/DerivedData/CalorieAI-hgzpchpheftwpzgmgkhflusblrut/Build/Intermediates.noindex/CalorieAI.build/Debug-iphonesimulator/CalorieAI.build/Objects-normal/x86_64/AddFoodView.o -debug-module-path /Users/nuttakonbunkrong/Library/Developer/Xcode/DerivedData/CalorieAI-hgzpchpheftwpzgmgkhflusblrut/Build/Intermediates.noindex/CalorieAI.build/Debug-iphonesimulator/CalorieAI.build/Objects-normal/x86_64/CalorieAI.swiftmodule -index-unit-output-path /CalorieAI.build/Debug-iphonesimulator/CalorieAI.build/Objects-normal/x86_64/AddFoodView.o -index-store-path /Users/nuttakonbunkrong/Library/Developer/Xcode/DerivedData/CalorieAI-hgzpchpheftwpzgmgkhflusblrut/Index.noindex/DataStore -index-system-modules

SwiftCompile normal x86_64 /Users/nuttakonbunkrong/Documents/SourceCode/CalorieAI/CalorieAI/Features/Food/AddFoodView.swift (in target 'CalorieAI' from project 'CalorieAI')
    cd /Users/nuttakonbunkrong/Documents/SourceCode/CalorieAI
    builtin-SwiftPerFileCompile AddFoodView.swift

SwiftCompile normal arm64 Compiling\ AddFoodView.swift /Users/nuttakonbunkrong/Documents/SourceCode/CalorieAI/CalorieAI/Features/Food/AddFoodView.swift (in target 'CalorieAI' from project 'CalorieAI')
/Users/nuttakonbunkrong/Documents/SourceCode/CalorieAI/CalorieAI/Features/Food/AddFoodView.swift:49:29: warning: call to main actor-isolated instance method 'premiumButtonContent(icon:title:subtitle:colors:)' in a synchronous nonisolated context [#ActorIsolatedCall]
 47 |                         
 48 |                         PhotosPicker(selection: $photosPickerItem, matching: .images) {
 49 |                             premiumButtonContent(icon: "photo.stack.fill", title: "Choose from Library", subtitle: "Pick an existing photo", colors: [Color.purple, Color.indigo])
    |                             `- warning: call to main actor-isolated instance method 'premiumButtonContent(icon:title:subtitle:colors:)' in a synchronous nonisolated context [#ActorIsolatedCall]
 50 |                         }
 51 |                         .onChange(of: photosPickerItem) {
    :
 93 |     
 94 |     @ViewBuilder
 95 |     private func premiumButtonContent(icon: String, title: String, subtitle: String, colors: [Color]) -> some View {
    |                  |- note: calls to instance method 'premiumButtonContent(icon:title:subtitle:colors:)' from outside of its actor context are implicitly asynchronous
    |                  `- note: main actor isolation inferred from conformance to protocol 'View'
 96 |         HStack(spacing: 16) {
 97 |             ZStack {

/Users/nuttakonbunkrong/Documents/SourceCode/CalorieAI/CalorieAI/Features/Food/AddFoodView.swift:49:29: error: non-Sendable 'some View'-typed result can not be returned from main actor-isolated instance method 'premiumButtonContent(icon:title:subtitle:colors:)' to nonisolated context [#RegionIsolation]
 47 |                         
 48 |                         PhotosPicker(selection: $photosPickerItem, matching: .images) {
 49 |                             premiumButtonContent(icon: "photo.stack.fill", title: "Choose from Library", subtitle: "Pick an existing photo", colors: [Color.purple, Color.indigo])
    |                             `- error: non-Sendable 'some View'-typed result can not be returned from main actor-isolated instance method 'premiumButtonContent(icon:title:subtitle:colors:)' to nonisolated context [#RegionIsolation]
 50 |                         }
 51 |                         .onChange(of: photosPickerItem) {

[#ActorIsolatedCall]: <https://docs.swift.org/compiler/documentation/diagnostics/actor-isolated-call>
[#RegionIsolation]: <https://docs.swift.org/compiler/documentation/diagnostics/region-isolation>
Failed frontend command:
/Applications/Xcode.app/Contents/Developer/Toolchains/XcodeDefault.xctoolchain/usr/bin/swift-frontend -frontend -c -primary-file /Users/nuttakonbunkrong/Documents/SourceCode/CalorieAI/CalorieAI/Features/Food/AddFoodView.swift /Users/nuttakonbunkrong/Documents/SourceCode/CalorieAI/CalorieAI/App/AppState.swift /Users/nuttakonbunkrong/Documents/SourceCode/CalorieAI/CalorieAI/App/CalorieAIApp.swift /Users/nuttakonbunkrong/Documents/SourceCode/CalorieAI/CalorieAI/Utilities/CameraView.swift /Users/nuttakonbunkrong/Documents/SourceCode/CalorieAI/CalorieAI/Features/Summary/DailySummaryView.swift /Users/nuttakonbunkrong/Documents/SourceCode/CalorieAI/CalorieAI/Features/Dashboard/DashboardView.swift /Users/nuttakonbunkrong/Documents/SourceCode/CalorieAI/CalorieAI/Features/Dashboard/DashboardViewModel.swift /Users/nuttakonbunkrong/Documents/SourceCode/CalorieAI/CalorieAI/Models/FoodAnalysisResult.swift /Users/nuttakonbunkrong/Documents/SourceCode/CalorieAI/CalorieAI/Features/Food/FoodAnalysisView.swift /Users/nuttakonbunkrong/Documents/SourceCode/CalorieAI/CalorieAI/Models/FoodEntry.swift /Users/nuttakonbunkrong/Documents/SourceCode/CalorieAI/CalorieAI/Services/Gemini/GeminiConfiguration.swift /Users/nuttakonbunkrong/Documents/SourceCode/CalorieAI/CalorieAI/Services/Gemini/GeminiService.swift /Users/nuttakonbunkrong/Documents/SourceCode/CalorieAI/CalorieAI/Services/HealthKit/HealthKitManager.swift /Users/nuttakonbunkrong/Documents/SourceCode/CalorieAI/CalorieAI/Utilities/ImageCompressor.swift /Users/nuttakonbunkrong/Documents/SourceCode/CalorieAI/CalorieAI/App/MainTabView.swift /Users/nuttakonbunkrong/Documents/SourceCode/CalorieAI/CalorieAI/Features/Food/ManualFoodView.swift /Users/nuttakonbunkrong/Documents/SourceCode/CalorieAI/CalorieAI/Models/MealType.swift /Users/nuttakonbunkrong/Documents/SourceCode/CalorieAI/CalorieAI/Services/Notifications/NotificationManager.swift /Users/nuttakonbunkrong/Documents/SourceCode/CalorieAI/CalorieAI/Features/Settings/SettingsView.swift /Users/nuttakonbunkrong/Documents/SourceCode/CalorieAI/CalorieAI/Models/UserProfile.swift -emit-dependencies-path /Users/nuttakonbunkrong/Library/Developer/Xcode/DerivedData/CalorieAI-hgzpchpheftwpzgmgkhflusblrut/Build/Intermediates.noindex/CalorieAI.build/Debug-iphonesimulator/CalorieAI.build/Objects-normal/arm64/AddFoodView.d -emit-const-values-path /Users/nuttakonbunkrong/Library/Developer/Xcode/DerivedData/CalorieAI-hgzpchpheftwpzgmgkhflusblrut/Build/Intermediates.noindex/CalorieAI.build/Debug-iphonesimulator/CalorieAI.build/Objects-normal/arm64/AddFoodView.swiftconstvalues -emit-reference-dependencies-path /Users/nuttakonbunkrong/Library/Developer/Xcode/DerivedData/CalorieAI-hgzpchpheftwpzgmgkhflusblrut/Build/Intermediates.noindex/CalorieAI.build/Debug-iphonesimulator/CalorieAI.build/Objects-normal/arm64/AddFoodView.swiftdeps -serialize-diagnostics-path /Users/nuttakonbunkrong/Library/Developer/Xcode/DerivedData/CalorieAI-hgzpchpheftwpzgmgkhflusblrut/Build/Intermediates.noindex/CalorieAI.build/Debug-iphonesimulator/CalorieAI.build/Objects-normal/arm64/AddFoodView.dia -target arm64-apple-ios18.0-simulator -disable-cross-import-overlay-search -swift-module-cross-import PhotosUI /Applications/Xcode.app/Contents/Developer/Platforms/iPhoneSimulator.platform/Developer/SDKs/iPhoneSimulator.sdk/System/Library/Frameworks/PhotosUI.framework/Modules/PhotosUI.swiftcrossimport/SwiftUI.swiftoverlay -swift-module-cross-import PhotosUI /Applications/Xcode.app/Contents/Developer/Platforms/iPhoneSimulator.platform/Developer/SDKs/iPhoneSimulator.sdk/System/Library/Frameworks/PhotosUI.framework/Modules/PhotosUI.swiftcrossimport/WidgetKit.swiftoverlay -swift-module-cross-import PhotosUI /Applications/Xcode.app/Contents/Developer/Platforms/iPhoneSimulator.platform/Developer/SDKs/iPhoneSimulator27.0.sdk/System/Library/Frameworks/PhotosUI.framework/Modules/PhotosUI.swiftcrossimport/SwiftUI.swiftoverlay -swift-module-cross-import PhotosUI /Applications/Xcode.app/Contents/Developer/Platforms/iPhoneSimulator.platform/Developer/SDKs/iPhoneSimulator27.0.sdk/System/Library/Frameworks/PhotosUI.framework/Modules/PhotosUI.swiftcrossimport/WidgetKit.swiftoverlay -swift-module-cross-import SwiftData /Applications/Xcode.app/Contents/Developer/Platforms/iPhoneSimulator.platform/Developer/SDKs/iPhoneSimulator27.0.sdk/System/Library/Frameworks/SwiftData.framework/Modules/SwiftData.swiftcrossimport/CoreData.swiftoverlay -swift-module-cross-import SwiftData /Applications/Xcode.app/Contents/Developer/Platforms/iPhoneSimulator.platform/Developer/SDKs/iPhoneSimulator27.0.sdk/System/Library/Frameworks/SwiftData.framework/Modules/SwiftData.swiftcrossimport/SwiftUI.swiftoverlay -swift-module-cross-import UserNotifications /Applications/Xcode.app/Contents/Developer/Platforms/iPhoneSimulator.platform/Developer/SDKs/iPhoneSimulator.sdk/System/Library/Frameworks/UserNotifications.framework/Modules/UserNotifications.swiftcrossimport/AppIntents.swiftoverlay -load-resolved-plugin /Applications/Xcode.app/Contents/Developer/Platforms/iPhoneOS.platform/Developer/usr/lib/swift/host/plugins/libFoundationMacros.dylib\#/Applications/Xcode.app/Contents/Developer/Platforms/iPhoneOS.platform/Developer/usr/bin/swift-plugin-server\#FoundationMacros -load-resolved-plugin /Applications/Xcode.app/Contents/Developer/Platforms/iPhoneOS.platform/Developer/usr/lib/swift/host/plugins/libObservationMacros.dylib\#/Applications/Xcode.app/Contents/Developer/Platforms/iPhoneOS.platform/Developer/usr/bin/swift-plugin-server\#ObservationMacros -load-resolved-plugin /Applications/Xcode.app/Contents/Developer/Platforms/iPhoneOS.platform/Developer/usr/lib/swift/host/plugins/libPreviewsMacros.dylib\#/Applications/Xcode.app/Contents/Developer/Platforms/iPhoneOS.platform/Developer/usr/bin/swift-plugin-server\#PreviewsMacros -load-resolved-plugin /Applications/Xcode.app/Contents/Developer/Platforms/iPhoneOS.platform/Developer/usr/lib/swift/host/plugins/libSwiftDataMacros.dylib\#/Applications/Xcode.app/Contents/Developer/Platforms/iPhoneOS.platform/Developer/usr/bin/swift-plugin-server\#SwiftDataMacros -load-resolved-plugin /Applications/Xcode.app/Contents/Developer/Platforms/iPhoneOS.platform/Developer/usr/lib/swift/host/plugins/libSwiftMacros.dylib\#/Applications/Xcode.app/Contents/Developer/Platforms/iPhoneOS.platform/Developer/usr/bin/swift-plugin-server\#SwiftMacros -load-resolved-plugin /Applications/Xcode.app/Contents/Developer/Platforms/iPhoneOS.platform/Developer/usr/lib/swift/host/plugins/libSwiftUIMacros.dylib\#/Applications/Xcode.app/Contents/Developer/Platforms/iPhoneOS.platform/Developer/usr/bin/swift-plugin-server\#SwiftUIMacros -disable-implicit-swift-modules -Xcc -fno-implicit-modules -Xcc -fno-implicit-module-maps -explicit-swift-module-map-file /Users/nuttakonbunkrong/Library/Developer/Xcode/DerivedData/CalorieAI-hgzpchpheftwpzgmgkhflusblrut/Build/Intermediates.noindex/CalorieAI.build/Debug-iphonesimulator/CalorieAI.build/Objects-normal/arm64/CalorieAI-dependencies-1.json -Xllvm -aarch64-use-tbi -enable-objc-interop -sdk /Applications/Xcode.app/Contents/Developer/Platforms/iPhoneSimulator.platform/Developer/SDKs/iPhoneSimulator27.0.sdk -I /Users/nuttakonbunkrong/Library/Developer/Xcode/DerivedData/CalorieAI-hgzpchpheftwpzgmgkhflusblrut/Build/Products/Debug-iphonesimulator -F /Users/nuttakonbunkrong/Library/Developer/Xcode/DerivedData/CalorieAI-hgzpchpheftwpzgmgkhflusblrut/Build/Products/Debug-iphonesimulator -module-cache-path /Users/nuttakonbunkrong/Library/Developer/Xcode/DerivedData/CalorieAI-hgzpchpheftwpzgmgkhflusblrut/Build/Intermediates.noindex/SwiftExplicitPrecompiledModules -no-color-diagnostics -Xcc -fno-color-diagnostics -enable-testing -g -debug-info-format\=dwarf -dwarf-version\=5 -profile-generate -profile-coverage-mapping -swift-version 6 -Onone -D DEBUG -serialize-debugging-options -enable-experimental-feature DebugDescriptionMacro -empty-abi-descriptor -validate-clang-modules-once -clang-build-session-file /Users/nuttakonbunkrong/Library/Developer/Xcode/DerivedData/ModuleCache.noindex/Session.modulevalidation -Xcc -working-directory -Xcc /Users/nuttakonbunkrong/Documents/SourceCode/CalorieAI -enable-anonymous-context-mangled-names -file-compilation-dir /Users/nuttakonbunkrong/Documents/SourceCode/CalorieAI -Xcc -D_LIBCPP_HARDENING_MODE\=_LIBCPP_HARDENING_MODE_DEBUG -Xcc -ivfsstatcache -Xcc /Users/nuttakonbunkrong/Library/Developer/Xcode/DerivedData/SDKStatCaches.noindex/iphonesimulator27.0-24A430-8dc58220667be655e1bcc261a7455254.sdkstatcache -Xcc -fmodules-prune-interval\=86400 -Xcc -fmodules-prune-after\=345600 -Xcc -iquote -Xcc /Users/nuttakonbunkrong/Library/Developer/Xcode/DerivedData/CalorieAI-hgzpchpheftwpzgmgkhflusblrut/Build/Intermediates.noindex/CalorieAI.build/Debug-iphonesimulator/CalorieAI.build/CalorieAI-generated-files.hmap -Xcc -I/Users/nuttakonbunkrong/Library/Developer/Xcode/DerivedData/CalorieAI-hgzpchpheftwpzgmgkhflusblrut/Build/Intermediates.noindex/CalorieAI.build/Debug-iphonesimulator/CalorieAI.build/CalorieAI-own-target-headers.hmap -Xcc -I/Users/nuttakonbunkrong/Library/Developer/Xcode/DerivedData/CalorieAI-hgzpchpheftwpzgmgkhflusblrut/Build/Intermediates.noindex/CalorieAI.build/Debug-iphonesimulator/CalorieAI.build/CalorieAI-all-target-headers.hmap -Xcc -iquote -Xcc /Users/nuttakonbunkrong/Library/Developer/Xcode/DerivedData/CalorieAI-hgzpchpheftwpzgmgkhflusblrut/Build/Intermediates.noindex/CalorieAI.build/Debug-iphonesimulator/CalorieAI.build/CalorieAI-project-headers.hmap -Xcc -I/Users/nuttakonbunkrong/Library/Developer/Xcode/DerivedData/CalorieAI-hgzpchpheftwpzgmgkhflusblrut/Build/Products/Debug-iphonesimulator/include -Xcc -I/Users/nuttakonbunkrong/Library/Developer/Xcode/DerivedData/CalorieAI-hgzpchpheftwpzgmgkhflusblrut/Build/Intermediates.noindex/CalorieAI.build/Debug-iphonesimulator/CalorieAI.build/DerivedSources-normal/arm64 -Xcc -I/Users/nuttakonbunkrong/Library/Developer/Xcode/DerivedData/CalorieAI-hgzpchpheftwpzgmgkhflusblrut/Build/Intermediates.noindex/CalorieAI.build/Debug-iphonesimulator/CalorieAI.build/DerivedSources/arm64 -Xcc -I/Users/nuttakonbunkrong/Library/Developer/Xcode/DerivedData/CalorieAI-hgzpchpheftwpzgmgkhflusblrut/Build/Intermediates.noindex/CalorieAI.build/Debug-iphonesimulator/CalorieAI.build/DerivedSources -Xcc -DDEBUG\=1 -no-auto-bridging-header-chaining -module-name CalorieAI -const-gather-protocols-file /Users/nuttakonbunkrong/Library/Developer/Xcode/DerivedData/CalorieAI-hgzpchpheftwpzgmgkhflusblrut/Build/Intermediates.noindex/CalorieAI.build/Debug-iphonesimulator/CalorieAI.build/Objects-normal/arm64/CalorieAI_const_extract_protocols.json -disable-clang-spi -clang-target arm64-apple-ios27.0-simulator -target-sdk-version 27.0 -target-sdk-name iphonesimulator27.0 -in-process-plugin-server-path /Applications/Xcode.app/Contents/Developer/Toolchains/XcodeDefault.xctoolchain/usr/lib/swift/host/libSwiftInProcPluginServer.dylib -o /Users/nuttakonbunkrong/Library/Developer/Xcode/DerivedData/CalorieAI-hgzpchpheftwpzgmgkhflusblrut/Build/Intermediates.noindex/CalorieAI.build/Debug-iphonesimulator/CalorieAI.build/Objects-normal/arm64/AddFoodView.o -debug-module-path /Users/nuttakonbunkrong/Library/Developer/Xcode/DerivedData/CalorieAI-hgzpchpheftwpzgmgkhflusblrut/Build/Intermediates.noindex/CalorieAI.build/Debug-iphonesimulator/CalorieAI.build/Objects-normal/arm64/CalorieAI.swiftmodule -index-unit-output-path /CalorieAI.build/Debug-iphonesimulator/CalorieAI.build/Objects-normal/arm64/AddFoodView.o -index-store-path /Users/nuttakonbunkrong/Library/Developer/Xcode/DerivedData/CalorieAI-hgzpchpheftwpzgmgkhflusblrut/Index.noindex/DataStore -index-system-modules

SwiftCompile normal arm64 /Users/nuttakonbunkrong/Documents/SourceCode/CalorieAI/CalorieAI/Features/Food/AddFoodView.swift (in target 'CalorieAI' from project 'CalorieAI')
    cd /Users/nuttakonbunkrong/Documents/SourceCode/CalorieAI
    builtin-SwiftPerFileCompile AddFoodView.swift

PruneExplicitPrecompiledModules /Users/nuttakonbunkrong/Library/Developer/Xcode/DerivedData/CalorieAI-hgzpchpheftwpzgmgkhflusblrut/Build/Intermediates.noindex/SwiftExplicitPrecompiledModules

PruneExplicitPrecompiledModules /Users/nuttakonbunkrong/Library/Developer/Xcode/DerivedData/SDKExplicitPrecompiledModules

PruneExplicitPrecompiledModules /Users/nuttakonbunkrong/Library/Developer/Xcode/DerivedData/CalorieAI-hgzpchpheftwpzgmgkhflusblrut/Build/Intermediates.noindex/ExplicitPrecompiledModules

